c:\users\gabum\desktop\pixel vr\pixelvr driver\driver_pixelvr.dir\release\psm_tracking_manager.obj
c:\users\gabum\desktop\pixel vr\pixelvr driver\driver_pixelvr.dir\release\driverlog.obj
c:\users\gabum\desktop\pixel vr\pixelvr driver\driver_pixelvr.dir\release\pipe_handler.obj
c:\users\gabum\desktop\pixel vr\pixelvr driver\driver_pixelvr.dir\release\driver_factory.obj
c:\users\gabum\desktop\pixel vr\pixelvr driver\driver_pixelvr.dir\release\controllers.obj
c:\users\gabum\desktop\pixel vr\pixelvr driver\driver_pixelvr.dir\release\hmd.obj
c:\users\gabum\desktop\pixel vr\pixelvr driver\driver_pixelvr.dir\release\main.obj
c:\users\gabum\desktop\pixel vr\pixelvr driver\cmakefiles\generate.stamp
c:\users\gabum\desktop\pixel vr\pixelvr driver\pixelvr\bin\win64\driver_pixelvr.dll
c:\users\gabum\desktop\pixel vr\pixelvr driver\release\driver_pixelvr.lib
c:\users\gabum\desktop\pixel vr\pixelvr driver\release\driver_pixelvr.exp
c:\users\gabum\desktop\pixel vr\pixelvr driver\driver_pixelvr.dir\release\driver_pixelvr.tlog\cl.command.1.tlog
c:\users\gabum\desktop\pixel vr\pixelvr driver\driver_pixelvr.dir\release\driver_pixelvr.tlog\cl.items.tlog
c:\users\gabum\desktop\pixel vr\pixelvr driver\driver_pixelvr.dir\release\driver_pixelvr.tlog\cl.read.1.tlog
c:\users\gabum\desktop\pixel vr\pixelvr driver\driver_pixelvr.dir\release\driver_pixelvr.tlog\cl.write.1.tlog
c:\users\gabum\desktop\pixel vr\pixelvr driver\driver_pixelvr.dir\release\driver_pixelvr.tlog\custombuild.command.1.tlog
c:\users\gabum\desktop\pixel vr\pixelvr driver\driver_pixelvr.dir\release\driver_pixelvr.tlog\custombuild.read.1.tlog
c:\users\gabum\desktop\pixel vr\pixelvr driver\driver_pixelvr.dir\release\driver_pixelvr.tlog\custombuild.write.1.tlog
c:\users\gabum\desktop\pixel vr\pixelvr driver\driver_pixelvr.dir\release\driver_pixelvr.tlog\link.command.1.tlog
c:\users\gabum\desktop\pixel vr\pixelvr driver\driver_pixelvr.dir\release\driver_pixelvr.tlog\link.read.1.tlog
c:\users\gabum\desktop\pixel vr\pixelvr driver\driver_pixelvr.dir\release\driver_pixelvr.tlog\link.secondary.1.tlog
c:\users\gabum\desktop\pixel vr\pixelvr driver\driver_pixelvr.dir\release\driver_pixelvr.tlog\link.write.1.tlog
